2026-03-25 17:26:27.990185: I tensorflow/core/util/port.cc:153] oneDNN custom operations are on. You may see slightly different numerical results due to floating-point round-off errors from different computation orders. To turn them off, set the environment variable `TF_ENABLE_ONEDNN_OPTS=0`.
2026-03-25 17:26:28.032274: I tensorflow/core/platform/cpu_feature_guard.cc:210] This TensorFlow binary is optimized to use available CPU instructions in performance-critical operations.
To enable the following instructions: AVX2 AVX512F AVX512_VNNI AVX512_BF16 AVX512_FP16 AVX_VNNI AMX_TILE AMX_INT8 AMX_BF16 FMA, in other operations, rebuild TensorFlow with the appropriate compiler flags.
2026-03-25 17:26:28.845334: I tensorflow/core/util/port.cc:153] oneDNN custom operations are on. You may see slightly different numerical results due to floating-point round-off errors from different computation orders. To turn them off, set the environment variable `TF_ENABLE_ONEDNN_OPTS=0`.
WARNING: All log messages before absl::InitializeLog() is called are written to STDERR
I0000 00:00:1774430789.733913  967784 gpu_device.cc:2020] Created device /job:localhost/replica:0/task:0/device:GPU:0 with 46559 MB memory:  -> device: 0, name: NVIDIA L40, pci bus id: 0000:b4:00.0, compute capability: 8.9
/home/ET/thhu/nn/lib/python3.12/site-packages/keras/src/optimizers/base_optimizer.py:857: UserWarning: Gradients do not exist for variables ['dense_3/bias'] when minimizing the loss. If using `model.compile()`, did you forget to provide a `loss` argument?
  warnings.warn(
i= 100
Epoch 100, loss: -3.2614444894883103, error: 0.09097126126927033
i= 200
Epoch 200, loss: -3.3491124512994803, error: 0.03922742247384335
i= 300
Epoch 300, loss: -3.407403715338371, error: 0.01789413380369162
i= 400
Epoch 400, loss: -3.262026063464507, error: 0.014345229555464833
i= 500
Epoch 500, loss: -3.255903033906737, error: 0.008193044609790869
i= 600
Epoch 600, loss: -3.4719691263677683, error: 0.013385000762949996
i= 700
Epoch 700, loss: -3.461624809018449, error: 0.017443999165163707
i= 800
Epoch 800, loss: -3.367187261385645, error: 0.009775066864292541
i= 900
Epoch 900, loss: -3.4490561543175566, error: 0.010900155298675274
i= 1000
Epoch 1000, loss: -3.4122875689233068, error: 0.020119625026547287
i= 1100
Epoch 1100, loss: -3.465580453297795, error: 0.015213183488609979
i= 1200
Epoch 1200, loss: -3.3799095498286036, error: 0.011803380469775308
i= 1300
Epoch 1300, loss: -3.3763131499635763, error: 0.008480877835784969
i= 1400
Epoch 1400, loss: -3.4302544278356075, error: 0.007398067762890442
i= 1500
Epoch 1500, loss: -3.516921592542797, error: 0.014081998792201926
i= 1600
Epoch 1600, loss: -3.4071031188088794, error: 0.007018707603514595
i= 1700
Epoch 1700, loss: -3.338367507528347, error: 0.006826083411150753
i= 1800
Epoch 1800, loss: -3.4256894097523505, error: 0.011108974406742083
i= 1900
Epoch 1900, loss: -3.4371222792020424, error: 0.007248247618097808
i= 2000
Epoch 2000, loss: -3.4786253147891566, error: 0.005404693538255498
i= 2100
Epoch 2100, loss: -3.3545247821221915, error: 0.005533924930855777
i= 2200
Epoch 2200, loss: -3.3174928810216207, error: 0.008643652200388496
i= 2300
Epoch 2300, loss: -3.293019046172577, error: 0.005468073537470532
i= 2400
Epoch 2400, loss: -3.1805757552055036, error: 0.008073965854981617
i= 2500
Epoch 2500, loss: -3.3285602735105515, error: 0.0067344176857259625
i= 2600
Epoch 2600, loss: -3.342283994872732, error: 0.008467010438002168
i= 2700
Epoch 2700, loss: -3.3396134639736, error: 0.00850438602898875
i= 2800
Epoch 2800, loss: -3.4197779346617194, error: 0.015485677988310733
i= 2900
Epoch 2900, loss: -3.3238105272137766, error: 0.010629008952778294
i= 3000
Epoch 3000, loss: -3.4175071749087076, error: 0.014750510051206155
i= 3100
Epoch 3100, loss: -3.3640932830533847, error: 0.007554922730515209
i= 3200
Epoch 3200, loss: -3.297687969469198, error: 0.012691141683602183
i= 3300
Epoch 3300, loss: -3.389228601291874, error: 0.017012868358702377
i= 3400
Epoch 3400, loss: -3.399326030732686, error: 0.019742271171878895
i= 3500
Epoch 3500, loss: -3.3840851770430262, error: 0.0073669281755723995
i= 3600
Epoch 3600, loss: -3.416946214847984, error: 0.009648061301752962
i= 3700
Epoch 3700, loss: -3.3815577259271787, error: 0.011985732063617601
i= 3800
Epoch 3800, loss: -3.289465295055102, error: 0.008734588964978435
i= 3900
Epoch 3900, loss: -3.1681556506827206, error: 0.010268727823961462
i= 4000
Epoch 4000, loss: -3.357767233353326, error: 0.014813437015877524
i= 4100
Epoch 4100, loss: -3.382081613893984, error: 0.006100873041460236
i= 4200
Epoch 4200, loss: -3.4980496724036225, error: 0.007187577257987065
i= 4300
Epoch 4300, loss: -3.440755464849504, error: 0.007951239616426048
i= 4400
Epoch 4400, loss: -3.2710266484374646, error: 0.009765018041908831
i= 4500
Epoch 4500, loss: -3.38206358084821, error: 0.0037161363407671225
i= 4600
Epoch 4600, loss: -3.3446941445516076, error: 0.007428782128670667
i= 4700
Epoch 4700, loss: -3.348597623096995, error: 0.011831924436927528
i= 4800
Epoch 4800, loss: -3.3986820379999783, error: 0.006869980842931828
i= 4900
Epoch 4900, loss: -3.334660520216781, error: 0.0106733006016914
i= 5000
Epoch 5000, loss: -3.217408945969228, error: 0.01303792657993209
i= 5100
Epoch 5100, loss: -3.237820268551408, error: 0.008613732406382682
i= 5200
Epoch 5200, loss: -3.4153599534385073, error: 0.011077172392777102
i= 5300
Epoch 5300, loss: -3.3226953427922563, error: 0.007845822321427621
i= 5400
Epoch 5400, loss: -3.339387146249668, error: 0.010303058894754604
i= 5500
Epoch 5500, loss: -3.3996838390074586, error: 0.009423450677058659
i= 5600
Epoch 5600, loss: -3.202534924456593, error: 0.0053762171966196615
i= 5700
Epoch 5700, loss: -3.336187836828792, error: 0.009035788724853068
i= 5800
Epoch 5800, loss: -3.435864670456933, error: 0.005594229571177153
i= 5900
Epoch 5900, loss: -3.302293046885678, error: 0.006264321564071452
i= 6000
Epoch 6000, loss: -3.3934391790298264, error: 0.009481704676963462
i= 6100
Epoch 6100, loss: -3.390080421632625, error: 0.0052988560926573525
i= 6200
Epoch 6200, loss: -3.372500201622853, error: 0.005482266310126602
i= 6300
Epoch 6300, loss: -3.4194501635697945, error: 0.005348662622927981
i= 6400
Epoch 6400, loss: -3.399316672927589, error: 0.006149526124564697
i= 6500
Epoch 6500, loss: -3.339313060513722, error: 0.005630510760951366
i= 6600
Epoch 6600, loss: -3.27266005414919, error: 0.007292717427766847
i= 6700
Epoch 6700, loss: -3.3451277249278952, error: 0.01708952308334331
i= 6800
Epoch 6800, loss: -3.421788634240075, error: 0.012017823604419586
i= 6900
Epoch 6900, loss: -3.252082867292896, error: 0.003999221723521633
i= 7000
Epoch 7000, loss: -3.373248221939539, error: 0.004002849569106429
i= 7100
Epoch 7100, loss: -3.361547360355609, error: 0.005133777936678062
i= 7200
Epoch 7200, loss: -3.368467644462177, error: 0.003130280795159464
i= 7300
Epoch 7300, loss: -3.4619502449872384, error: 0.010291089459661737
i= 7400
Epoch 7400, loss: -3.4558353847095855, error: 0.011142010399074495
i= 7500
Epoch 7500, loss: -3.370338361958976, error: 0.0073064040610759775
i= 7600
Epoch 7600, loss: -3.4402954452861163, error: 0.002848092542673939
i= 7700
Epoch 7700, loss: -3.4028456895470445, error: 0.005269109480518096
i= 7800
Epoch 7800, loss: -3.5283050497957253, error: 0.010614017541021634
i= 7900
Epoch 7900, loss: -3.408353951149187, error: 0.008776238243479442
i= 8000
Epoch 8000, loss: -3.332623781508267, error: 0.014356092903014123
i= 8100
Epoch 8100, loss: -3.3008858168705073, error: 0.008649802979809204
i= 8200
Epoch 8200, loss: -3.3782920305409343, error: 0.007113376659678732
i= 8300
Epoch 8300, loss: -3.3989924488135506, error: 0.007931864463934523
i= 8400
Epoch 8400, loss: -3.2556993469663276, error: 0.005837105639991524
i= 8500
Epoch 8500, loss: -3.3534211891931074, error: 0.00978944693783931
i= 8600
Epoch 8600, loss: -3.2534495229968377, error: 0.00867944444231066
i= 8700
Epoch 8700, loss: -3.320092815520419, error: 0.010505992312769531
i= 8800
Epoch 8800, loss: -3.37761314545763, error: 0.005554695813332641
i= 8900
Epoch 8900, loss: -3.403764177418357, error: 0.006376750777238022
i= 9000
Epoch 9000, loss: -3.3791749553899564, error: 0.014547384758132633
i= 9100
Epoch 9100, loss: -3.5255664171309675, error: 0.015546377092725168
i= 9200
Epoch 9200, loss: -3.316045854377693, error: 0.008876773980949377
i= 9300
Epoch 9300, loss: -3.29649139294028, error: 0.007432287906136806
i= 9400
Epoch 9400, loss: -3.3953187009721013, error: 0.009499581389638672
i= 9500
Epoch 9500, loss: -3.339993066837189, error: 0.011788286874745835
i= 9600
Epoch 9600, loss: -3.335296383231621, error: 0.00806382597107267
i= 9700
Epoch 9700, loss: -3.2808113991429266, error: 0.010775353594148572
i= 9800
Epoch 9800, loss: -3.4616141990531455, error: 0.00969009414803252
i= 9900
Epoch 9900, loss: -3.265097984485309, error: 0.006232079579971297
i= 10000
Epoch 10000, loss: -3.3582102029272276, error: 0.005132239363219737
